// Jest Snapshot v1, https://goo.gl/fbAQLP

exports[`<ListPage /> renders component 1`] = `
"
First Name
Last Name
Click store count: 0
Click local count: 0
"
`;

exports[`<ListPage /> renders component with data 1`] = `
"
First Name
Last Name
George
Bluth
Janet
Weaver
Emma
Wong
Click store count: 3
Click local count: 0
"
`;
